
> backend@1.0.0 test
> jest --detectOpenHandles --forceExit

node.exe : FAIL tests/sprint_3/patient_profile.test.js
En línea: 1 Carácter: 1
+ & "C:\Program Files\nodejs/node.exe" "C:\Program Files\nodejs/node_mo ...
+ ~~~~~~~~~~~~~~~~~~~~~~~~~~~~~~~~~~~~~~~~~~~~~~~~~~~~~~~~~~~~~~~~~~~~~
    + CategoryInfo          : NotSpecified: (FAIL tests/spri...profile.test.js:String) [], RemoteException
    + FullyQualifiedErrorId : NativeCommandError
 
  ÔùÅ Console

    console.log
      Ôùç injected env (20) from .env // tip: Ôùê encrypted .env [www.dotenvx.com]

      at _log (node_modules/dotenv/lib/main.js:131:11)

    console.warn
      
      ­ƒöÆ [SEGURIDAD] Configuraci├│n inv├ílida, abortando:
        - JWT_SECRET es demasiado corto (m├¡nimo 32 caracteres). Genera uno con: openssl rand -hex 32
        (en desarrollo se contin├║a, pero corr├¡gelo antes de desplegar)

    [0m [90m 36 |[39m       process[33m.[39mexit([35m1[39m)[33m;[39m            [90m// En producci├│n: no 
arrancar con config insegura.[39m
     [90m 37 |[39m     } [36melse[39m {
    [31m[1m>[22m[39m[90m 38 |[39m       console[33m.[39mwarn(msg [33m+[39m [32m'  (en desarrollo se 
contin├║a, pero corr├¡gelo antes de desplegar)\n'[39m)[33m;[39m
     [90m    |[39m               [31m[1m^[22m[39m
     [90m 39 |[39m     }
     [90m 40 |[39m   }
     [90m 41 |[39m }[0m

      at warn (src/config/security.js:38:15)
      at Object.validateEnv (src/app.js:13:1)
      at Object.require (tests/sprint_3/patient_profile.test.js:5:13)

    console.log
      MySQL conectado ÔÇö BD: consultorio_padre_pio

      at log (src/config/db.js:21:17)

  ÔùÅ Portal del Paciente - Perfil (WEB-HU007) ÔÇ║ CP-51: Camino Feliz - Actualiza informaci├│n v├ílida

    expect(received).toBe(expected) // Object.is equality

    Expected: 200
    Received: 404

    [0m [90m 42 |[39m       })[33m;[39m
     [90m 43 |[39m
    [31m[1m>[22m[39m[90m 44 |[39m     expect(response[33m.[39mstatus)[33m.[39mtoBe([35m200[39m)[33m;[39m
     [90m    |[39m                             [31m[1m^[22m[39m
     [90m 45 |[39m     expect(response[33m.[39mbody[33m.[39mmessage)[33m.[39mtoContain([32m'actualizada 
exitosamente'[39m)[33m;[39m
     [90m 46 |[39m   })[33m;[39m
     [90m 47 |[39m[0m

      at Object.toBe (tests/sprint_3/patient_profile.test.js:44:29)

  ÔùÅ Portal del Paciente - Perfil (WEB-HU007) ÔÇ║ CP-52: Identidad - Evita editar campos cr├¡ticos

    expect(received).toBe(expected) // Object.is equality

    Expected: 200
    Received: 404

    [0m [90m 59 |[39m       })[33m;[39m
     [90m 60 |[39m
    [31m[1m>[22m[39m[90m 61 |[39m     expect(response[33m.[39mstatus)[33m.[39mtoBe([35m200[39m)[33m;[39m
     [90m    |[39m                             [31m[1m^[22m[39m
     [90m 62 |[39m     
     [90m 63 |[39m     [90m// Verificamos que el QUERY de actualizaci├│n NO incluye los campos prohibidos[39m
     [90m 64 |[39m     [36mconst[39m llamadas [33m=[39m 
mockConnection[33m.[39mquery[33m.[39mmock[33m.[39mcalls[33m;[39m[0m

      at Object.toBe (tests/sprint_3/patient_profile.test.js:61:29)

  ÔùÅ Portal del Paciente - Perfil (WEB-HU007) ÔÇ║ CP-53: Validaci├│n - Tel├®fono inv├ílido

    expect(received).toBe(expected) // Object.is equality

    Expected: 400
    Received: 404

    [0m [90m 78 |[39m       })[33m;[39m
     [90m 79 |[39m
    [31m[1m>[22m[39m[90m 80 |[39m     expect(response[33m.[39mstatus)[33m.[39mtoBe([35m400[39m)[33m;[39m
     [90m    |[39m                             [31m[1m^[22m[39m
     [90m 81 |[39m     expect(response[33m.[39mbody[33m.[39merror)[33m.[39mtoContain([32m'9 
d├¡gitos'[39m)[33m;[39m
     [90m 82 |[39m   })[33m;[39m
     [90m 83 |[39m })[33m;[39m[0m

      at Object.toBe (tests/sprint_3/patient_profile.test.js:80:29)

[0mPUT /api/portal/profile [33m404[0m 14.231 ms - 157[0m
[0mPUT /api/portal/profile [33m404[0m 1.305 ms - 157[0m
[0mPUT /api/portal/profile [33m404[0m 1.127 ms - 157[0m
FAIL tests/sprint_3/patient_history.test.js
  ÔùÅ Console

    console.log
      Ôùç injected env (20) from .env // tip: Ôîÿ suppress logs { quiet: true }

      at _log (node_modules/dotenv/lib/main.js:131:11)

    console.warn
      
      ­ƒöÆ [SEGURIDAD] Configuraci├│n inv├ílida, abortando:
        - JWT_SECRET es demasiado corto (m├¡nimo 32 caracteres). Genera uno con: openssl rand -hex 32
        (en desarrollo se contin├║a, pero corr├¡gelo antes de desplegar)

    [0m [90m 36 |[39m       process[33m.[39mexit([35m1[39m)[33m;[39m            [90m// En producci├│n: no 
arrancar con config insegura.[39m
     [90m 37 |[39m     } [36melse[39m {
    [31m[1m>[22m[39m[90m 38 |[39m       console[33m.[39mwarn(msg [33m+[39m [32m'  (en desarrollo se 
contin├║a, pero corr├¡gelo antes de desplegar)\n'[39m)[33m;[39m
     [90m    |[39m               [31m[1m^[22m[39m
     [90m 39 |[39m     }
     [90m 40 |[39m   }
     [90m 41 |[39m }[0m

      at warn (src/config/security.js:38:15)
      at Object.validateEnv (src/app.js:13:1)
      at Object.require (tests/sprint_3/patient_history.test.js:5:13)

    console.log
      MySQL conectado ÔÇö BD: consultorio_padre_pio

      at log (src/config/db.js:21:17)

  ÔùÅ Portal del Paciente - Historial Cl├¡nico (WEB-HU005) ÔÇ║ CP-47: Camino Feliz - Visualizar detalle de atenci├│n 
previa

    expect(received).toBe(expected) // Object.is equality

    Expected: 200
    Received: 404

    [0m [90m 45 |[39m       [33m.[39m[36mset[39m([32m'Authorization'[39m[33m,[39m patientToken)[33m;[39m
     [90m 46 |[39m
    [31m[1m>[22m[39m[90m 47 |[39m     expect(response[33m.[39mstatus)[33m.[39mtoBe([35m200[39m)[33m;[39m
     [90m    |[39m                             [31m[1m^[22m[39m
     [90m 48 |[39m     expect(response[33m.[39mbody[33m.[39mmotivo_consulta)[33m.[39mtoBe([32m'Dolor de 
muela'[39m)[33m;[39m
     [90m 49 |[39m     expect(response[33m.[39mbody[33m.[39modontograma_url)[33m.[39mtoBeDefined()[33m;[39m
     [90m 50 |[39m   })[33m;[39m[0m

      at Object.toBe (tests/sprint_3/patient_history.test.js:47:29)

  ÔùÅ Portal del Paciente - Historial Cl├¡nico (WEB-HU005) ÔÇ║ CP-48: Estado Vac├¡o - Paciente sin antecedentes

    expect(received).toBe(expected) // Object.is equality

    Expected: 200
    Received: 404

    [0m [90m 58 |[39m       [33m.[39m[36mset[39m([32m'Authorization'[39m[33m,[39m patientToken)[33m;[39m
     [90m 59 |[39m
    [31m[1m>[22m[39m[90m 60 |[39m     expect(response[33m.[39mstatus)[33m.[39mtoBe([35m200[39m)[33m;[39m
     [90m    |[39m                             [31m[1m^[22m[39m
     [90m 61 |[39m     expect(response[33m.[39mbody[33m.[39mhistoria)[33m.[39mtoBeNull()[33m;[39m
     [90m 62 |[39m     
expect(response[33m.[39mbody[33m.[39matenciones[33m.[39mlength)[33m.[39mtoBe([35m0[39m)[33m;[39m
     [90m 63 |[39m     expect(response[33m.[39mbody[33m.[39mmessage)[33m.[39mtoContain([32m'A├║n no tienes 
antecedentes'[39m)[33m;[39m[0m

      at Object.toBe (tests/sprint_3/patient_history.test.js:60:29)

  ÔùÅ Portal del Paciente - Historial Cl├¡nico (WEB-HU005) ÔÇ║ CP-49: Privacidad - Intento de acceso a historia de 
otro usuario

    expect(received).toContain(expected) // indexOf

    Matcher error: received value must not be null nor undefined

    Received has value: undefined

    [0m [90m 74 |[39m
     [90m 75 |[39m     expect(response[33m.[39mstatus)[33m.[39mtoBe([35m404[39m)[33m;[39m
    [31m[1m>[22m[39m[90m 76 |[39m     
expect(response[33m.[39mbody[33m.[39merror)[33m.[39mtoContain([32m'No encontrado'[39m)[33m;[39m
     [90m    |[39m                                 [31m[1m^[22m[39m
     [90m 77 |[39m   })[33m;[39m
     [90m 78 |[39m
     [90m 79 |[39m   it([32m'CP-50: Inmutabilidad - Rechaza cualquier intento de edici├│n'[39m[33m,[39m 
[36masync[39m () [33m=>[39m {[0m

      at Object.toContain (tests/sprint_3/patient_history.test.js:76:33)

  ÔùÅ Portal del Paciente - Historial Cl├¡nico (WEB-HU005) ÔÇ║ CP-50: Inmutabilidad - Rechaza cualquier intento de 
edici├│n

    expect(received).toBe(expected) // Object.is equality

    Expected: 403
    Received: 404

    [0m [90m 84 |[39m
     [90m 85 |[39m     [90m// El portal web NO tiene endpoints PUT/POST/PATCH para la historia cl├¡nica[39m
    [31m[1m>[22m[39m[90m 86 |[39m     expect(response[33m.[39mstatus)[33m.[39mtoBe([35m403[39m)[33m;[39m
     [90m    |[39m                             [31m[1m^[22m[39m
     [90m 87 |[39m     expect(response[33m.[39mbody[33m.[39merror)[33m.[39mtoContain([32m'solo 
lectura'[39m)[33m;[39m
     [90m 88 |[39m   })[33m;[39m
     [90m 89 |[39m })[33m;[39m[0m

      at Object.toBe (tests/sprint_3/patient_history.test.js:86:29)

[0mGET /api/portal/history/1 [33m404[0m 1.788 ms - 159[0m
[0mGET /api/portal/history [33m404[0m 3.387 ms - 157[0m
[0mGET /api/portal/history/99 [33m404[0m 0.752 ms - 160[0m
[0mPUT /api/portal/history/1 [33m404[0m 5.545 ms - 159[0m
FAIL tests/sprint_3/authPatient.test.js
  ÔùÅ Console

    console.log
      Ôùç injected env (20) from .env // tip: Ôîÿ suppress logs { quiet: true }

      at _log (node_modules/dotenv/lib/main.js:131:11)

    console.warn
      
      ­ƒöÆ [SEGURIDAD] Configuraci├│n inv├ílida, abortando:
        - JWT_SECRET es demasiado corto (m├¡nimo 32 caracteres). Genera uno con: openssl rand -hex 32
        (en desarrollo se contin├║a, pero corr├¡gelo antes de desplegar)

    [0m [90m 36 |[39m       process[33m.[39mexit([35m1[39m)[33m;[39m            [90m// En producci├│n: no 
arrancar con config insegura.[39m
     [90m 37 |[39m     } [36melse[39m {
    [31m[1m>[22m[39m[90m 38 |[39m       console[33m.[39mwarn(msg [33m+[39m [32m'  (en desarrollo se 
contin├║a, pero corr├¡gelo antes de desplegar)\n'[39m)[33m;[39m
     [90m    |[39m               [31m[1m^[22m[39m
     [90m 39 |[39m     }
     [90m 40 |[39m   }
     [90m 41 |[39m }[0m

      at warn (src/config/security.js:38:15)
      at Object.validateEnv (src/app.js:13:1)
      at Object.require (tests/sprint_3/authPatient.test.js:5:13)

    console.log
      MySQL conectado ÔÇö BD: consultorio_padre_pio

      at log (src/config/db.js:21:17)

  ÔùÅ Portal del Paciente - Autenticaci├│n y Vinculaci├│n ÔÇ║ WEB-HU001: Registro de Paciente Web ÔÇ║ CP-45: Dado un 
paciente nuevo sin registros previos, cuando llena todos los campos obligatorios con un formato v├ílido, contrase├▒as 
seguras y acepta la pol├¡tica. Entonces el sistema activa la cuenta, registra el evento, muestra el mensaje de ├®xito, 
env├¡a el correo y redirige al login.

    expect(received).toBe(expected) // Object.is equality

    Expected: 201
    Received: 500

    [0m [90m 139 |[39m         })[33m;[39m
     [90m 140 |[39m
    [31m[1m>[22m[39m[90m 141 |[39m       
expect(response[33m.[39mstatus)[33m.[39mtoBe([35m201[39m)[33m;[39m
     [90m     |[39m                               [31m[1m^[22m[39m
     [90m 142 |[39m       expect(response[33m.[39mbody[33m.[39mmessage)[33m.[39mtoContain([32m'Registro 
exitoso'[39m)[33m;[39m
     [90m 143 |[39m     })[33m;[39m
     [90m 144 |[39m[0m

      at Object.toBe (tests/sprint_3/authPatient.test.js:141:31)

  ÔùÅ Portal del Paciente - Autenticaci├│n y Vinculaci├│n ÔÇ║ WEB-HU001: Registro de Paciente Web ÔÇ║ CP-48: Dado un 
paciente que solo tiene registro fisico en la cl├¡nica, cuando ingresa su n├║mero de documento en el formulario web. 
Entonces el sistema alerta: "Este documento est├í registrado... vinc├║lala con tu registro existente." y provee el 
bot├│n para la vinculaci├│n.

    expect(received).toBe(expected) // Object.is equality

    Expected: 409
    Received: 500

    [0m [90m 167 |[39m
     [90m 168 |[39m       [90m// El sistema avisa que debe vincular su cuenta[39m
    [31m[1m>[22m[39m[90m 169 |[39m       
expect(response[33m.[39mstatus)[33m.[39mtoBe([35m409[39m)[33m;[39m
     [90m     |[39m                               [31m[1m^[22m[39m
     [90m 170 |[39m       
expect(response[33m.[39mbody[33m.[39merror)[33m.[39mtoContain([32m'vincular'[39m)[33m;[39m
     [90m 171 |[39m     })[33m;[39m
     [90m 172 |[39m[0m

      at Object.toBe (tests/sprint_3/authPatient.test.js:169:31)

  ÔùÅ Portal del Paciente - Autenticaci├│n y Vinculaci├│n ÔÇ║ WEB-HU001: Registro de Paciente Web ÔÇ║ CP-47: Dado un 
paciente que ya posee una cuenta web habilitada, cuando intenta registrarse nuevamente utilizando el mismo n├║mero de 
documento. Entonces el sistema detiene el registro y muestra la alerta: "Este documento ya tiene una cuenta activa. 
Inicia sesi├│n."

    expect(received).toBe(expected) // Object.is equality

    Expected: 409
    Received: 500

    [0m [90m 216 |[39m         })[33m;[39m
     [90m 217 |[39m
    [31m[1m>[22m[39m[90m 218 |[39m       
expect(response[33m.[39mstatus)[33m.[39mtoBe([35m409[39m)[33m;[39m
     [90m     |[39m                               [31m[1m^[22m[39m
     [90m 219 |[39m       expect(response[33m.[39mbody[33m.[39merror)[33m.[39mtoContain([32m'Inicia 
sesi├│n'[39m)[33m;[39m
     [90m 220 |[39m     })[33m;[39m
     [90m 221 |[39m[0m

      at Object.toBe (tests/sprint_3/authPatient.test.js:218:31)

  ÔùÅ Portal del Paciente - Autenticaci├│n y Vinculaci├│n ÔÇ║ WEB-HU001: Registro de Paciente Web ÔÇ║ CP-49: Dado un 
paciente llenando el formulario, cuando ingresa un correo electr├│nico que ya est├í en uso por otra cuenta. Entonces 
el sisterna bloquea el registro y muestra la alerta: "El correo electr├│nico ya se encuentra registrado."

    expect(received).toBe(expected) // Object.is equality

    Expected: 409
    Received: 500

    [0m [90m 242 |[39m         })[33m;[39m
     [90m 243 |[39m
    [31m[1m>[22m[39m[90m 244 |[39m       
expect(response[33m.[39mstatus)[33m.[39mtoBe([35m409[39m)[33m;[39m
     [90m     |[39m                               [31m[1m^[22m[39m
     [90m 245 |[39m       expect(response[33m.[39mbody[33m.[39merror)[33m.[39mtoContain([32m'El correo 
electr├│nico ya se encuentra registrado.'[39m)[33m;[39m
     [90m 246 |[39m     })[33m;[39m
     [90m 247 |[39m   })[33m;[39m[0m

      at Object.toBe (tests/sprint_3/authPatient.test.js:244:31)

  ÔùÅ Portal del Paciente - Autenticaci├│n y Vinculaci├│n ÔÇ║ WEB-HU006: Vinculaci├│n de Pacientes ÔÇ║ Camino Feliz - 
Vincula cuenta exitosamente

    expect(received).toBe(expected) // Object.is equality

    Expected: 200
    Received: 404

    [0m [90m 269 |[39m         })[33m;[39m
     [90m 270 |[39m
    [31m[1m>[22m[39m[90m 271 |[39m       
expect(response[33m.[39mstatus)[33m.[39mtoBe([35m200[39m)[33m;[39m
     [90m     |[39m                               [31m[1m^[22m[39m
     [90m 272 |[39m       expect(response[33m.[39mbody[33m.[39mmessage)[33m.[39mtoContain([32m'Cuenta 
vinculada y activada'[39m)[33m;[39m
     [90m 273 |[39m     })[33m;[39m
     [90m 274 |[39m[0m

      at Object.toBe (tests/sprint_3/authPatient.test.js:271:31)

  ÔùÅ Portal del Paciente - Autenticaci├│n y Vinculaci├│n ÔÇ║ WEB-HU006: Vinculaci├│n de Pacientes ÔÇ║ Seguridad - 
Fecha de nacimiento incorrecta bloquea vinculaci├│n

    expect(received).toBe(expected) // Object.is equality

    Expected: 403
    Received: 404

    [0m [90m 292 |[39m         })[33m;[39m
     [90m 293 |[39m
    [31m[1m>[22m[39m[90m 294 |[39m       
expect(response[33m.[39mstatus)[33m.[39mtoBe([35m403[39m)[33m;[39m
     [90m     |[39m                               [31m[1m^[22m[39m
     [90m 295 |[39m       expect(response[33m.[39mbody[33m.[39merror)[33m.[39mtoContain([32m'Los datos no 
coinciden'[39m)[33m;[39m
     [90m 296 |[39m     })[33m;[39m
     [90m 297 |[39m[0m

      at Object.toBe (tests/sprint_3/authPatient.test.js:294:31)

[0mPOST /api/auth/patient/login [32m200[0m 7.512 ms - 291[0m
[0mPOST /api/auth/patient/login [33m403[0m 1.041 ms - 150[0m
[0mPOST /api/auth/patient/login [33m400[0m 0.967 ms - 38[0m
[0mPOST /api/auth/patient/login [33m401[0m 0.816 ms - 48[0m
[0mPOST /api/auth/patient/register [31m500[0m 1.265 ms - 86[0m
[0mPOST /api/auth/patient/register [31m500[0m 1.492 ms - 86[0m
[0mPOST /api/auth/patient/register [33m400[0m 0.952 ms - 119[0m
[0mPOST /api/auth/patient/register [31m500[0m 0.947 ms - 86[0m
[0mPOST /api/auth/patient/register [31m500[0m 0.987 ms - 86[0m
[0mPOST /api/auth/patient/link [33m404[0m 1.113 ms - 161[0m
[0mPOST /api/auth/patient/link [33m404[0m 1.053 ms - 161[0m
FAIL tests/sprint_3/patient_appointments.test.js
  ÔùÅ Console

    console.log
      Ôùç injected env (20) from .env // tip: Ôîÿ suppress logs { quiet: true }

      at _log (node_modules/dotenv/lib/main.js:131:11)

    console.warn
      
      ­ƒöÆ [SEGURIDAD] Configuraci├│n inv├ílida, abortando:
        - JWT_SECRET es demasiado corto (m├¡nimo 32 caracteres). Genera uno con: openssl rand -hex 32
        (en desarrollo se contin├║a, pero corr├¡gelo antes de desplegar)

    [0m [90m 36 |[39m       process[33m.[39mexit([35m1[39m)[33m;[39m            [90m// En producci├│n: no 
arrancar con config insegura.[39m
     [90m 37 |[39m     } [36melse[39m {
    [31m[1m>[22m[39m[90m 38 |[39m       console[33m.[39mwarn(msg [33m+[39m [32m'  (en desarrollo se 
contin├║a, pero corr├¡gelo antes de desplegar)\n'[39m)[33m;[39m
     [90m    |[39m               [31m[1m^[22m[39m
     [90m 39 |[39m     }
     [90m 40 |[39m   }
     [90m 41 |[39m }[0m

      at warn (src/config/security.js:38:15)
      at Object.validateEnv (src/app.js:13:1)
      at Object.require (tests/sprint_3/patient_appointments.test.js:6:13)

    console.log
      MySQL conectado ÔÇö BD: consultorio_padre_pio

      at log (src/config/db.js:21:17)

  ÔùÅ Portal del Paciente - Citas (WEB-HU003, WEB-HU004) ÔÇ║ WEB-HU004: Mis Citas ÔÇ║ Visualizaci├│n Pr├│ximas e 
Historial

    expect(received).toBe(expected) // Object.is equality

    Expected: 200
    Received: 404

    [0m [90m 142 |[39m         [33m.[39m[36mset[39m([32m'Authorization'[39m[33m,[39m 
patientToken)[33m;[39m
     [90m 143 |[39m
    [31m[1m>[22m[39m[90m 144 |[39m       
expect(response[33m.[39mstatus)[33m.[39mtoBe([35m200[39m)[33m;[39m
     [90m     |[39m                               [31m[1m^[22m[39m
     [90m 145 |[39m       
expect(response[33m.[39mbody[33m.[39mproximas[33m.[39mlength)[33m.[39mtoBeGreaterThan([35m0[39m)[33m;[39m
     [90m 146 |[39m       
expect(response[33m.[39mbody[33m.[39mhistorial[33m.[39mlength)[33m.[39mtoBeGreaterThan([35m0[39m)[33m;[39m
     [90m 147 |[39m     })[33m;[39m[0m

      at Object.toBe (tests/sprint_3/patient_appointments.test.js:144:31)

  ÔùÅ Portal del Paciente - Citas (WEB-HU003, WEB-HU004) ÔÇ║ WEB-HU004: Mis Citas ÔÇ║ Regla Negocio - Anular retiene 
dinero

    expect(received).toBe(expected) // Object.is equality

    Expected: 200
    Received: 404

    [0m [90m 162 |[39m         [33m.[39m[36mset[39m([32m'Authorization'[39m[33m,[39m 
patientToken)[33m;[39m
     [90m 163 |[39m
    [31m[1m>[22m[39m[90m 164 |[39m       
expect(response[33m.[39mstatus)[33m.[39mtoBe([35m200[39m)[33m;[39m
     [90m     |[39m                               [31m[1m^[22m[39m
     [90m 165 |[39m       [90m// Validamos que NO se devolvi├│ el dinero (no hay UPDATE PAGO)[39m
     [90m 166 |[39m       [36mconst[39m llamadas [33m=[39m 
mockConnection[33m.[39mquery[33m.[39mmock[33m.[39mcalls[33m;[39m
     [90m 167 |[39m       [36mconst[39m pagoCall [33m=[39m llamadas[33m.[39mfind(call [33m=>[39m 
[36mtypeof[39m call[[35m0[39m] [33m===[39m [32m'string'[39m [33m&&[39m 
call[[35m0[39m][33m.[39mincludes([32m'PAGO'[39m))[33m;[39m[0m

      at Object.toBe (tests/sprint_3/patient_appointments.test.js:164:31)

  ÔùÅ Portal del Paciente - Citas (WEB-HU003, WEB-HU004) ÔÇ║ WEB-HU004: Mis Citas ÔÇ║ L├¡mite Tiempo - No puede anular 
con menos de 24h

    expect(received).toBe(expected) // Object.is equality

    Expected: 403
    Received: 404

    [0m [90m 182 |[39m         [33m.[39m[36mset[39m([32m'Authorization'[39m[33m,[39m 
patientToken)[33m;[39m
     [90m 183 |[39m
    [31m[1m>[22m[39m[90m 184 |[39m       
expect(response[33m.[39mstatus)[33m.[39mtoBe([35m403[39m)[33m;[39m
     [90m     |[39m                               [31m[1m^[22m[39m
     [90m 185 |[39m       expect(response[33m.[39mbody[33m.[39merror)[33m.[39mtoContain([32m'menos de 24 
horas'[39m)[33m;[39m
     [90m 186 |[39m     })[33m;[39m
     [90m 187 |[39m[0m

      at Object.toBe (tests/sprint_3/patient_appointments.test.js:184:31)

  ÔùÅ Portal del Paciente - Citas (WEB-HU003, WEB-HU004) ÔÇ║ WEB-HU004: Mis Citas ÔÇ║ Restricci├│n - Prohibido 
reprogramar

    expect(received).toBe(expected) // Object.is equality

    Expected: 403
    Received: 404

    [0m [90m 193 |[39m
     [90m 194 |[39m       [90m// El endpoint ni siquiera debe existir o debe bloquear expl├¡citamente a 
pacientes[39m
    [31m[1m>[22m[39m[90m 195 |[39m       
expect(response[33m.[39mstatus)[33m.[39mtoBe([35m403[39m)[33m;[39m 
     [90m     |[39m                               [31m[1m^[22m[39m
     [90m 196 |[39m       expect(response[33m.[39mbody[33m.[39merror)[33m.[39mtoContain([32m'no permitida en 
el portal'[39m)[33m;[39m
     [90m 197 |[39m     })[33m;[39m
     [90m 198 |[39m   })[33m;[39m[0m

      at Object.toBe (tests/sprint_3/patient_appointments.test.js:195:31)

[0mGET /api/portal/appointments [33m404[0m 0.976 ms - 162[0m
[0mPATCH /api/portal/appointments/1/cancel [33m404[0m 3.124 ms - 173[0m
[0mPATCH /api/portal/appointments/1/cancel [33m404[0m 0.633 ms - 173[0m
[0mPATCH /api/portal/appointments/1/reschedule [33m404[0m 5.334 ms - 177[0m
FAIL tests/sprint_2/dashboard.test.js
  ÔùÅ Console

    console.log
      Ôùç injected env (20) from .env // tip: Ôùê secrets for agents [www.dotenvx.com]

      at _log (node_modules/dotenv/lib/main.js:131:11)

    console.warn
      
      ­ƒöÆ [SEGURIDAD] Configuraci├│n inv├ílida, abortando:
        - JWT_SECRET es demasiado corto (m├¡nimo 32 caracteres). Genera uno con: openssl rand -hex 32
        (en desarrollo se contin├║a, pero corr├¡gelo antes de desplegar)

    [0m [90m 36 |[39m       process[33m.[39mexit([35m1[39m)[33m;[39m            [90m// En producci├│n: no 
arrancar con config insegura.[39m
     [90m 37 |[39m     } [36melse[39m {
    [31m[1m>[22m[39m[90m 38 |[39m       console[33m.[39mwarn(msg [33m+[39m [32m'  (en desarrollo se 
contin├║a, pero corr├¡gelo antes de desplegar)\n'[39m)[33m;[39m
     [90m    |[39m               [31m[1m^[22m[39m
     [90m 39 |[39m     }
     [90m 40 |[39m   }
     [90m 41 |[39m }[0m

      at warn (src/config/security.js:38:15)
      at Object.validateEnv (src/app.js:13:1)
      at Object.require (tests/sprint_2/dashboard.test.js:5:13)

    console.log
      MySQL conectado ÔÇö BD: consultorio_padre_pio

      at log (src/config/db.js:21:17)

  ÔùÅ Dashboard Administrativo ÔÇ║ CP-56: Seguridad - Acceso bloqueado a no administradores

    expect(received).toBe(expected) // Object.is equality

    Expected: 403
    Received: 404

    [0m [90m 38 |[39m       [33m.[39m[36mset[39m([32m'Authorization'[39m[33m,[39m 
recepcionistaToken)[33m;[39m
     [90m 39 |[39m
    [31m[1m>[22m[39m[90m 40 |[39m     expect(response[33m.[39mstatus)[33m.[39mtoBe([35m403[39m)[33m;[39m
     [90m    |[39m                             [31m[1m^[22m[39m
     [90m 41 |[39m     expect(response[33m.[39mbody[33m.[39merror)[33m.[39mtoContain([32m'No tienes 
permiso'[39m)[33m;[39m
     [90m 42 |[39m   })[33m;[39m
     [90m 43 |[39m[0m

      at Object.toBe (tests/sprint_2/dashboard.test.js:40:29)

  ÔùÅ Dashboard Administrativo ÔÇ║ CP-55: C├ílculos - Renderiza gr├íficas e ingresos

    expect(received).toBe(expected) // Object.is equality

    Expected: 200
    Received: 404

    [0m [90m 52 |[39m       [33m.[39m[36mset[39m([32m'Authorization'[39m[33m,[39m adminToken)[33m;[39m
     [90m 53 |[39m
    [31m[1m>[22m[39m[90m 54 |[39m     expect(response[33m.[39mstatus)[33m.[39mtoBe([35m200[39m)[33m;[39m
     [90m    |[39m                             [31m[1m^[22m[39m
     [90m 55 |[39m     
expect(response[33m.[39mbody[33m.[39mingresos_brutos)[33m.[39mtoBe([35m5000[39m)[33m;[39m
     [90m 56 |[39m     
expect(response[33m.[39mbody[33m.[39mcitas_completadas)[33m.[39mtoBe([35m20[39m)[33m;[39m
     [90m 57 |[39m   })[33m;[39m[0m

      at Object.toBe (tests/sprint_2/dashboard.test.js:54:29)

  ÔùÅ Dashboard Administrativo ÔÇ║ CP-57: Validaci├│n - Fechas conflictivas

    expect(received).toBe(expected) // Object.is equality

    Expected: 400
    Received: 404

    [0m [90m 62 |[39m       [33m.[39m[36mset[39m([32m'Authorization'[39m[33m,[39m adminToken)[33m;[39m
     [90m 63 |[39m
    [31m[1m>[22m[39m[90m 64 |[39m     expect(response[33m.[39mstatus)[33m.[39mtoBe([35m400[39m)[33m;[39m
     [90m    |[39m                             [31m[1m^[22m[39m
     [90m 65 |[39m     expect(response[33m.[39mbody[33m.[39merror)[33m.[39mtoContain([32m'conflicto de 
fechas'[39m)[33m;[39m
     [90m 66 |[39m   })[33m;[39m
     [90m 67 |[39m[0m

      at Object.toBe (tests/sprint_2/dashboard.test.js:64:29)

  ÔùÅ Dashboard Administrativo ÔÇ║ CP-58: Alertas - Dispara alerta por riesgo financiero

    expect(received).toBe(expected) // Object.is equality

    Expected: 200
    Received: 404

    [0m [90m 77 |[39m     [90m// Si el backend es quien eval├║a el 40%, devolver├í la alerta[39m
     [90m 78 |[39m     [90m// o el frontend lo hace en base a la data. Verificamos que la data venga bien[39m
    [31m[1m>[22m[39m[90m 79 |[39m     expect(response[33m.[39mstatus)[33m.[39mtoBe([35m200[39m)[33m;[39m
     [90m    |[39m                             [31m[1m^[22m[39m
     [90m 80 |[39m   })[33m;[39m
     [90m 81 |[39m })[33m;[39m
     [90m 82 |[39m[0m

      at Object.toBe (tests/sprint_2/dashboard.test.js:79:29)

[0mGET /api/dashboard/metrics [33m404[0m 1.131 ms - 160[0m
[0mGET /api/dashboard/metrics?fecha_inicio=2026-01-01&fecha_fin=2026-01-31 [33m404[0m 2.892 ms - 160[0m
[0mGET /api/dashboard/metrics?fecha_inicio=2026-02-01&fecha_fin=2026-01-01 [33m404[0m 0.551 ms - 160[0m
[0mGET /api/dashboard/metrics?fecha_inicio=2026-01-01&fecha_fin=2026-01-31 [33m404[0m 0.526 ms - 160[0m
PASS tests/sprint_1/patients.test.js
  ÔùÅ Console

    console.log
      Ôùç injected env (20) from .env // tip: Ôîÿ custom filepath { path: '/custom/path/.env' }

      at _log (node_modules/dotenv/lib/main.js:131:11)

    console.warn
      
      ­ƒöÆ [SEGURIDAD] Configuraci├│n inv├ílida, abortando:
        - JWT_SECRET es demasiado corto (m├¡nimo 32 caracteres). Genera uno con: openssl rand -hex 32
        (en desarrollo se contin├║a, pero corr├¡gelo antes de desplegar)

    [0m [90m 36 |[39m       process[33m.[39mexit([35m1[39m)[33m;[39m            [90m// En producci├│n: no 
arrancar con config insegura.[39m
     [90m 37 |[39m     } [36melse[39m {
    [31m[1m>[22m[39m[90m 38 |[39m       console[33m.[39mwarn(msg [33m+[39m [32m'  (en desarrollo se 
contin├║a, pero corr├¡gelo antes de desplegar)\n'[39m)[33m;[39m
     [90m    |[39m               [31m[1m^[22m[39m
     [90m 39 |[39m     }
     [90m 40 |[39m   }
     [90m 41 |[39m }[0m

      at warn (src/config/security.js:38:15)
      at Object.validateEnv (src/app.js:13:1)
      at Object.require (tests/sprint_1/patients.test.js:7:13)

    console.log
      MySQL conectado ÔÇö BD: consultorio_padre_pio

      at log (src/config/db.js:21:17)

    console.error
      [patient.register] Duplicate entry

    [0m [90m 91 |[39m
     [90m 92 |[39m   } [36mcatch[39m (err) {
    [31m[1m>[22m[39m[90m 93 |[39m     console[33m.[39merror([32m'[patient.register]'[39m[33m,[39m 
err[33m.[39mmessage)[33m;[39m
     [90m    |[39m             [31m[1m^[22m[39m
     [90m 94 |[39m     [36mif[39m (err[33m.[39mcode [33m===[39m [32m'ER_DUP_ENTRY'[39m)
     [90m 95 |[39m       [36mreturn[39m res[33m.[39mstatus([35m409[39m)[33m.[39mjson({ error[33m:[39m 
[32m`Ya existe un paciente registrado con ese ${tipo_documento}`[39m })[33m;[39m
     [90m 96 |[39m     [36mreturn[39m res[33m.[39mstatus([35m500[39m)[33m.[39mjson({ error[33m:[39m 
[32m'Error interno del servidor'[39m[33m,[39m [33m...[39m(isDev [33m&&[39m { detail[33m:[39m 
err[33m.[39mmessage }) })[33m;[39m[0m

      at error (src/controllers/patient.controller.js:93:13)

[0mPOST /api/patients [32m201[0m 4.611 ms - 65[0m
[0mPOST /api/patients [33m409[0m 0.815 ms - 56[0m
PASS tests/sprint_1/payments.test.js
  ÔùÅ Console

    console.log
      Ôùç injected env (20) from .env // tip: Ôîÿ multiple files { path: ['.env.local', '.env'] }

      at _log (node_modules/dotenv/lib/main.js:131:11)

    console.warn
      
      ­ƒöÆ [SEGURIDAD] Configuraci├│n inv├ílida, abortando:
        - JWT_SECRET es demasiado corto (m├¡nimo 32 caracteres). Genera uno con: openssl rand -hex 32
        (en desarrollo se contin├║a, pero corr├¡gelo antes de desplegar)

    [0m [90m 36 |[39m       process[33m.[39mexit([35m1[39m)[33m;[39m            [90m// En producci├│n: no 
arrancar con config insegura.[39m
     [90m 37 |[39m     } [36melse[39m {
    [31m[1m>[22m[39m[90m 38 |[39m       console[33m.[39mwarn(msg [33m+[39m [32m'  (en desarrollo se 
contin├║a, pero corr├¡gelo antes de desplegar)\n'[39m)[33m;[39m
     [90m    |[39m               [31m[1m^[22m[39m
     [90m 39 |[39m     }
     [90m 40 |[39m   }
     [90m 41 |[39m }[0m

      at warn (src/config/security.js:38:15)
      at Object.validateEnv (src/app.js:13:1)
      at Object.require (tests/sprint_1/payments.test.js:7:13)

    console.log
      MySQL conectado ÔÇö BD: consultorio_padre_pio

      at log (src/config/db.js:21:17)

[0mPOST /api/payments [32m201[0m 4.228 ms - 60[0m
PASS tests/sprint_1/appointments_queries.test.js
  ÔùÅ Console

    console.log
      Ôùç injected env (20) from .env // tip: Ôîÿ enable debugging { debug: true }

      at _log (node_modules/dotenv/lib/main.js:131:11)

    console.warn
      
      ­ƒöÆ [SEGURIDAD] Configuraci├│n inv├ílida, abortando:
        - JWT_SECRET es demasiado corto (m├¡nimo 32 caracteres). Genera uno con: openssl rand -hex 32
        (en desarrollo se contin├║a, pero corr├¡gelo antes de desplegar)

    [0m [90m 36 |[39m       process[33m.[39mexit([35m1[39m)[33m;[39m            [90m// En producci├│n: no 
arrancar con config insegura.[39m
     [90m 37 |[39m     } [36melse[39m {
    [31m[1m>[22m[39m[90m 38 |[39m       console[33m.[39mwarn(msg [33m+[39m [32m'  (en desarrollo se 
contin├║a, pero corr├¡gelo antes de desplegar)\n'[39m)[33m;[39m
     [90m    |[39m               [31m[1m^[22m[39m
     [90m 39 |[39m     }
     [90m 40 |[39m   }
     [90m 41 |[39m }[0m

      at warn (src/config/security.js:38:15)
      at Object.validateEnv (src/app.js:13:1)
      at Object.require (tests/sprint_1/appointments_queries.test.js:9:13)

    console.log
      MySQL conectado ÔÇö BD: consultorio_padre_pio

      at log (src/config/db.js:21:17)

[0mGET /api/appointments?q=Carlos [32m200[0m 0.617 ms - 120[0m
[0mGET /api/appointments?estado=CONFIRMADA&fecha_inicio=2026-12-01&fecha_fin=2026-12-31 [32m200[0m 0.260 ms - 93[0m
[0mGET /api/appointments/10 [32m200[0m 0.301 ms - 103[0m
[0mGET /api/appointments/agenda?vista=mes [32m200[0m 10.441 ms - 53[0m

  ÔùÅ  Cannot log after tests are done. Did you forget to wait for something async in your test?
    Attempted to log "Servidor de email configurado".

    [0m [90m 16 |[39m [90m// Verificar conexi├│n al iniciar[39m
     [90m 17 |[39m transporter[33m.[39mverify()
    [31m[1m>[22m[39m[90m 18 |[39m     [33m.[39mthen(() [33m=>[39m console[33m.[39mlog([32m'Servidor de 
email configurado'[39m))
     [90m    |[39m                         [31m[1m^[22m[39m
     [90m 19 |[39m     [33m.[39m[36mcatch[39m(err [33m=>[39m console[33m.[39mwarn([32m'Email no 
configurado:'[39m[33m,[39m err[33m.[39mmessage))[33m;[39m
     [90m 20 |[39m
     [90m 21 |[39m module[33m.[39mexports [33m=[39m transporter[33m;[39m[0m

      at console.log (node_modules/@jest/console/build/index.js:147:10)
      at log (src/config/mailer.js:18:25)


  ÔùÅ  Cannot log after tests are done. Did you forget to wait for something async in your test?
    Attempted to log "Servidor de email configurado".

    [0m [90m 16 |[39m [90m// Verificar conexi├│n al iniciar[39m
     [90m 17 |[39m transporter[33m.[39mverify()
    [31m[1m>[22m[39m[90m 18 |[39m     [33m.[39mthen(() [33m=>[39m console[33m.[39mlog([32m'Servidor de 
email configurado'[39m))
     [90m    |[39m                         [31m[1m^[22m[39m
     [90m 19 |[39m     [33m.[39m[36mcatch[39m(err [33m=>[39m console[33m.[39mwarn([32m'Email no 
configurado:'[39m[33m,[39m err[33m.[39mmessage))[33m;[39m
     [90m 20 |[39m
     [90m 21 |[39m module[33m.[39mexports [33m=[39m transporter[33m;[39m[0m

      at console.log (node_modules/@jest/console/build/index.js:147:10)
      at log (src/config/mailer.js:18:25)

PASS tests/sprint_2/clinical.test.js
  ÔùÅ Console

    console.log
      Ôùç injected env (20) from .env // tip: Ôùê secrets for agents [www.dotenvx.com]

      at _log (node_modules/dotenv/lib/main.js:131:11)

    console.warn
      
      ­ƒöÆ [SEGURIDAD] Configuraci├│n inv├ílida, abortando:
        - JWT_SECRET es demasiado corto (m├¡nimo 32 caracteres). Genera uno con: openssl rand -hex 32
        (en desarrollo se contin├║a, pero corr├¡gelo antes de desplegar)

    [0m [90m 36 |[39m       process[33m.[39mexit([35m1[39m)[33m;[39m            [90m// En producci├│n: no 
arrancar con config insegura.[39m
     [90m 37 |[39m     } [36melse[39m {
    [31m[1m>[22m[39m[90m 38 |[39m       console[33m.[39mwarn(msg [33m+[39m [32m'  (en desarrollo se 
contin├║a, pero corr├¡gelo antes de desplegar)\n'[39m)[33m;[39m
     [90m    |[39m               [31m[1m^[22m[39m
     [90m 39 |[39m     }
     [90m 40 |[39m   }
     [90m 41 |[39m }[0m

      at warn (src/config/security.js:38:15)
      at Object.validateEnv (src/app.js:13:1)
      at Object.require (tests/sprint_2/clinical.test.js:8:13)

    console.log
      MySQL conectado ÔÇö BD: consultorio_padre_pio

      at log (src/config/db.js:21:17)

[0mPOST /api/consultas [32m201[0m 6.861 ms - 103[0m
[0mPOST /api/consultas [33m409[0m 0.773 ms - 37[0m
[0mPOST /api/consultas [33m400[0m 0.556 ms - 207[0m
[0mGET /api/historial/paciente/1 [33m403[0m 0.196 ms - 57[0m
[0mGET /api/historial/paciente/1 [32m200[0m 0.508 ms - 291[0m

  ÔùÅ  Cannot log after tests are done. Did you forget to wait for something async in your test?
    Attempted to log "Servidor de email configurado".

    [0m [90m 16 |[39m [90m// Verificar conexi├│n al iniciar[39m
     [90m 17 |[39m transporter[33m.[39mverify()
    [31m[1m>[22m[39m[90m 18 |[39m     [33m.[39mthen(() [33m=>[39m console[33m.[39mlog([32m'Servidor de 
email configurado'[39m))
     [90m    |[39m                         [31m[1m^[22m[39m
     [90m 19 |[39m     [33m.[39m[36mcatch[39m(err [33m=>[39m console[33m.[39mwarn([32m'Email no 
configurado:'[39m[33m,[39m err[33m.[39mmessage))[33m;[39m
     [90m 20 |[39m
     [90m 21 |[39m module[33m.[39mexports [33m=[39m transporter[33m;[39m[0m

      at console.log (node_modules/@jest/console/build/index.js:147:10)
      at log (src/config/mailer.js:18:25)

PASS tests/sprint_1/auth.test.js
  ÔùÅ Console

    console.log
      Ôùç injected env (20) from .env // tip: Ôùê secrets for agents [www.dotenvx.com]

      at _log (node_modules/dotenv/lib/main.js:131:11)

    console.warn
      
      ­ƒöÆ [SEGURIDAD] Configuraci├│n inv├ílida, abortando:
        - JWT_SECRET es demasiado corto (m├¡nimo 32 caracteres). Genera uno con: openssl rand -hex 32
        (en desarrollo se contin├║a, pero corr├¡gelo antes de desplegar)

    [0m [90m 36 |[39m       process[33m.[39mexit([35m1[39m)[33m;[39m            [90m// En producci├│n: no 
arrancar con config insegura.[39m
     [90m 37 |[39m     } [36melse[39m {
    [31m[1m>[22m[39m[90m 38 |[39m       console[33m.[39mwarn(msg [33m+[39m [32m'  (en desarrollo se 
contin├║a, pero corr├¡gelo antes de desplegar)\n'[39m)[33m;[39m
     [90m    |[39m               [31m[1m^[22m[39m
     [90m 39 |[39m     }
     [90m 40 |[39m   }
     [90m 41 |[39m }[0m

      at warn (src/config/security.js:38:15)
      at Object.validateEnv (src/app.js:13:1)
      at Object.require (tests/sprint_1/auth.test.js:7:13)

    console.log
      MySQL conectado ÔÇö BD: consultorio_padre_pio

      at log (src/config/db.js:21:17)

[0mPOST /api/auth/staff/login [32m200[0m 4.798 ms - 364[0m
[0mPOST /api/auth/staff/login [33m403[0m 0.766 ms - 70[0m

  ÔùÅ  Cannot log after tests are done. Did you forget to wait for something async in your test?
    Attempted to log "Servidor de email configurado".

    [0m [90m 16 |[39m [90m// Verificar conexi├│n al iniciar[39m
     [90m 17 |[39m transporter[33m.[39mverify()
    [31m[1m>[22m[39m[90m 18 |[39m     [33m.[39mthen(() [33m=>[39m console[33m.[39mlog([32m'Servidor de 
email configurado'[39m))
     [90m    |[39m                         [31m[1m^[22m[39m
     [90m 19 |[39m     [33m.[39m[36mcatch[39m(err [33m=>[39m console[33m.[39mwarn([32m'Email no 
configurado:'[39m[33m,[39m err[33m.[39mmessage))[33m;[39m
     [90m 20 |[39m
     [90m 21 |[39m module[33m.[39mexports [33m=[39m transporter[33m;[39m[0m

      at console.log (node_modules/@jest/console/build/index.js:147:10)
      at log (src/config/mailer.js:18:25)


  ÔùÅ  Cannot log after tests are done. Did you forget to wait for something async in your test?
    Attempted to log "Servidor de email configurado".

    [0m [90m 16 |[39m [90m// Verificar conexi├│n al iniciar[39m
     [90m 17 |[39m transporter[33m.[39mverify()
    [31m[1m>[22m[39m[90m 18 |[39m     [33m.[39mthen(() [33m=>[39m console[33m.[39mlog([32m'Servidor de 
email configurado'[39m))
     [90m    |[39m                         [31m[1m^[22m[39m
     [90m 19 |[39m     [33m.[39m[36mcatch[39m(err [33m=>[39m console[33m.[39mwarn([32m'Email no 
configurado:'[39m[33m,[39m err[33m.[39mmessage))[33m;[39m
     [90m 20 |[39m
     [90m 21 |[39m module[33m.[39mexports [33m=[39m transporter[33m;[39m[0m

      at console.log (node_modules/@jest/console/build/index.js:147:10)
      at log (src/config/mailer.js:18:25)

PASS tests/sprint_2/services_patients.test.js
  ÔùÅ Console

    console.log
      Ôùç injected env (20) from .env // tip: Ôîü auth for agents [www.vestauth.com]

      at _log (node_modules/dotenv/lib/main.js:131:11)

    console.warn
      
      ­ƒöÆ [SEGURIDAD] Configuraci├│n inv├ílida, abortando:
        - JWT_SECRET es demasiado corto (m├¡nimo 32 caracteres). Genera uno con: openssl rand -hex 32
        (en desarrollo se contin├║a, pero corr├¡gelo antes de desplegar)

    [0m [90m 36 |[39m       process[33m.[39mexit([35m1[39m)[33m;[39m            [90m// En producci├│n: no 
arrancar con config insegura.[39m
     [90m 37 |[39m     } [36melse[39m {
    [31m[1m>[22m[39m[90m 38 |[39m       console[33m.[39mwarn(msg [33m+[39m [32m'  (en desarrollo se 
contin├║a, pero corr├¡gelo antes de desplegar)\n'[39m)[33m;[39m
     [90m    |[39m               [31m[1m^[22m[39m
     [90m 39 |[39m     }
     [90m 40 |[39m   }
     [90m 41 |[39m }[0m

      at warn (src/config/security.js:38:15)
      at Object.validateEnv (src/app.js:13:1)
      at Object.require (tests/sprint_2/services_patients.test.js:8:13)

    console.log
      MySQL conectado ÔÇö BD: consultorio_padre_pio

      at log (src/config/db.js:21:17)

[0mPUT /api/services/5 [32m200[0m 4.809 ms - 48[0m
[0mPUT /api/services/5 [32m200[0m 0.616 ms - 48[0m
[0mGET /api/patients/1 [32m200[0m 0.265 ms - 96[0m
[0mPATCH /api/patients/10/deactivate [32m200[0m 0.374 ms - 69[0m
PASS tests/sprint_1/schedules.test.js
  ÔùÅ Console

    console.log
      Ôùç injected env (20) from .env // tip: Ôîÿ custom filepath { path: '/custom/path/.env' }

      at _log (node_modules/dotenv/lib/main.js:131:11)

    console.warn
      
      ­ƒöÆ [SEGURIDAD] Configuraci├│n inv├ílida, abortando:
        - JWT_SECRET es demasiado corto (m├¡nimo 32 caracteres). Genera uno con: openssl rand -hex 32
        (en desarrollo se contin├║a, pero corr├¡gelo antes de desplegar)

    [0m [90m 36 |[39m       process[33m.[39mexit([35m1[39m)[33m;[39m            [90m// En producci├│n: no 
arrancar con config insegura.[39m
     [90m 37 |[39m     } [36melse[39m {
    [31m[1m>[22m[39m[90m 38 |[39m       console[33m.[39mwarn(msg [33m+[39m [32m'  (en desarrollo se 
contin├║a, pero corr├¡gelo antes de desplegar)\n'[39m)[33m;[39m
     [90m    |[39m               [31m[1m^[22m[39m
     [90m 39 |[39m     }
     [90m 40 |[39m   }
     [90m 41 |[39m }[0m

      at warn (src/config/security.js:38:15)
      at Object.validateEnv (src/app.js:13:1)
      at Object.require (tests/sprint_1/schedules.test.js:7:13)

    console.log
      MySQL conectado ÔÇö BD: consultorio_padre_pio

      at log (src/config/db.js:21:17)

[0mPOST /api/schedules [32m201[0m 4.489 ms - 62[0m
[0mPOST /api/schedules [33m409[0m 0.614 ms - 70[0m
PASS tests/sprint_2/appointments_advanced.test.js
  ÔùÅ Console

    console.log
      Ôùç injected env (20) from .env // tip: Ôùê secrets for agents [www.dotenvx.com]

      at _log (node_modules/dotenv/lib/main.js:131:11)

    console.warn
      
      ­ƒöÆ [SEGURIDAD] Configuraci├│n inv├ílida, abortando:
        - JWT_SECRET es demasiado corto (m├¡nimo 32 caracteres). Genera uno con: openssl rand -hex 32
        (en desarrollo se contin├║a, pero corr├¡gelo antes de desplegar)

    [0m [90m 36 |[39m       process[33m.[39mexit([35m1[39m)[33m;[39m            [90m// En producci├│n: no 
arrancar con config insegura.[39m
     [90m 37 |[39m     } [36melse[39m {
    [31m[1m>[22m[39m[90m 38 |[39m       console[33m.[39mwarn(msg [33m+[39m [32m'  (en desarrollo se 
contin├║a, pero corr├¡gelo antes de desplegar)\n'[39m)[33m;[39m
     [90m    |[39m               [31m[1m^[22m[39m
     [90m 39 |[39m     }
     [90m 40 |[39m   }
     [90m 41 |[39m }[0m

      at warn (src/config/security.js:38:15)
      at Object.validateEnv (src/app.js:13:1)
      at Object.require (tests/sprint_2/appointments_advanced.test.js:9:13)

    console.log
      MySQL conectado ÔÇö BD: consultorio_padre_pio

      at log (src/config/db.js:21:17)

[0mPATCH /api/appointments/1/cancel [32m200[0m 0.562 ms - 94[0m
[0mPATCH /api/appointments/1/reschedule [32m200[0m 4.647 ms - 134[0m
[0mPOST /api/appointments/2/lock [32m200[0m 0.966 ms - 97[0m
[0mPOST /api/appointments/3/lock [33m409[0m 0.631 ms - 78[0m
[0mPOST /api/appointments/4/lock [32m200[0m 0.662 ms - 97[0m
[0mGET /api/appointments/agenda?vista=hoy [32m200[0m 0.299 ms - 60[0m
PASS tests/sprint_1/services.test.js
  ÔùÅ Console

    console.log
      Ôùç injected env (20) from .env // tip: Ôîÿ multiple files { path: ['.env.local', '.env'] }

      at _log (node_modules/dotenv/lib/main.js:131:11)

    console.warn
      
      ­ƒöÆ [SEGURIDAD] Configuraci├│n inv├ílida, abortando:
        - JWT_SECRET es demasiado corto (m├¡nimo 32 caracteres). Genera uno con: openssl rand -hex 32
        (en desarrollo se contin├║a, pero corr├¡gelo antes de desplegar)

    [0m [90m 36 |[39m       process[33m.[39mexit([35m1[39m)[33m;[39m            [90m// En producci├│n: no 
arrancar con config insegura.[39m
     [90m 37 |[39m     } [36melse[39m {
    [31m[1m>[22m[39m[90m 38 |[39m       console[33m.[39mwarn(msg [33m+[39m [32m'  (en desarrollo se 
contin├║a, pero corr├¡gelo antes de desplegar)\n'[39m)[33m;[39m
     [90m    |[39m               [31m[1m^[22m[39m
     [90m 39 |[39m     }
     [90m 40 |[39m   }
     [90m 41 |[39m }[0m

      at warn (src/config/security.js:38:15)
      at Object.validateEnv (src/app.js:13:1)
      at Object.require (tests/sprint_1/services.test.js:7:13)

    console.log
      MySQL conectado ÔÇö BD: consultorio_padre_pio

      at log (src/config/db.js:21:17)

    console.error
      [service.create] Duplicate entry nombre

    [0m [90m 79 |[39m
     [90m 80 |[39m   } [36mcatch[39m (err) {
    [31m[1m>[22m[39m[90m 81 |[39m     console[33m.[39merror([32m'[service.create]'[39m[33m,[39m 
err[33m.[39mmessage)[33m;[39m
     [90m    |[39m             [31m[1m^[22m[39m
     [90m 82 |[39m
     [90m 83 |[39m     [36mif[39m (err[33m.[39mcode [33m===[39m [32m'ER_DUP_ENTRY'[39m)
     [90m 84 |[39m       [36mreturn[39m res[33m.[39mstatus([35m409[39m)[33m.[39mjson({ error[33m:[39m 
[32m'El nombre del servicio ya se encuentra registrado.'[39m })[33m;[39m[0m

      at error (src/controllers/service.controller.js:81:13)

[0mPOST /api/services [32m201[0m 5.033 ms - 64[0m
[0mPOST /api/services [33m409[0m 0.757 ms - 62[0m

  ÔùÅ  Cannot log after tests are done. Did you forget to wait for something async in your test?
    Attempted to log "Servidor de email configurado".

    [0m [90m 16 |[39m [90m// Verificar conexi├│n al iniciar[39m
     [90m 17 |[39m transporter[33m.[39mverify()
    [31m[1m>[22m[39m[90m 18 |[39m     [33m.[39mthen(() [33m=>[39m console[33m.[39mlog([32m'Servidor de 
email configurado'[39m))
     [90m    |[39m                         [31m[1m^[22m[39m
     [90m 19 |[39m     [33m.[39m[36mcatch[39m(err [33m=>[39m console[33m.[39mwarn([32m'Email no 
configurado:'[39m[33m,[39m err[33m.[39mmessage))[33m;[39m
     [90m 20 |[39m
     [90m 21 |[39m module[33m.[39mexports [33m=[39m transporter[33m;[39m[0m

      at console.log (node_modules/@jest/console/build/index.js:147:10)
      at log (src/config/mailer.js:18:25)

PASS tests/sprint_1/users.test.js
  ÔùÅ Console

    console.log
      Ôùç injected env (20) from .env // tip: Ôùê secrets for agents [www.dotenvx.com]

      at _log (node_modules/dotenv/lib/main.js:131:11)

    console.warn
      
      ­ƒöÆ [SEGURIDAD] Configuraci├│n inv├ílida, abortando:
        - JWT_SECRET es demasiado corto (m├¡nimo 32 caracteres). Genera uno con: openssl rand -hex 32
        (en desarrollo se contin├║a, pero corr├¡gelo antes de desplegar)

    [0m [90m 36 |[39m       process[33m.[39mexit([35m1[39m)[33m;[39m            [90m// En producci├│n: no 
arrancar con config insegura.[39m
     [90m 37 |[39m     } [36melse[39m {
    [31m[1m>[22m[39m[90m 38 |[39m       console[33m.[39mwarn(msg [33m+[39m [32m'  (en desarrollo se 
contin├║a, pero corr├¡gelo antes de desplegar)\n'[39m)[33m;[39m
     [90m    |[39m               [31m[1m^[22m[39m
     [90m 39 |[39m     }
     [90m 40 |[39m   }
     [90m 41 |[39m }[0m

      at warn (src/config/security.js:38:15)
      at Object.validateEnv (src/app.js:13:1)
      at Object.require (tests/sprint_1/users.test.js:7:13)

    console.log
      MySQL conectado ÔÇö BD: consultorio_padre_pio

      at log (src/config/db.js:21:17)

    console.error
      [user.register] Error: Duplicate entry email

    [0m [90m 139 |[39m     [36mtry[39m { [36mawait[39m conn[33m.[39mquery([32m'ROLLBACK'[39m)[33m;[39m } 
[36mcatch[39m (_) { [90m/* ignorar */[39m }
     [90m 140 |[39m
    [31m[1m>[22m[39m[90m 141 |[39m     console[33m.[39merror([32m'[user.register] Error:'[39m[33m,[39m 
err[33m.[39mmessage)[33m;[39m
     [90m     |[39m             [31m[1m^[22m[39m
     [90m 142 |[39m
     [90m 143 |[39m     [36mif[39m (err[33m.[39mcode [33m===[39m [32m'ER_DUP_ENTRY'[39m) {
     [90m 144 |[39m       [36mconst[39m campo [33m=[39m 
err[33m.[39mmessage[33m.[39mtoLowerCase()[33m.[39mincludes([32m'email'[39m) [33m?[39m [32m'correo 
electr├│nico'[39m [33m:[39m [32m'DNI'[39m[33m;[39m[0m

      at error (src/controllers/user.controller.js:141:13)

[0mPOST /api/users [32m201[0m 4.463 ms - 102[0m
[0mPOST /api/users [33m409[0m 0.910 ms - 68[0m
[0mPOST /api/auth/activate/verify-dni [33m403[0m 1.080 ms - 99[0m

  ÔùÅ  Cannot log after tests are done. Did you forget to wait for something async in your test?
    Attempted to log "Servidor de email configurado".

    [0m [90m 16 |[39m [90m// Verificar conexi├│n al iniciar[39m
     [90m 17 |[39m transporter[33m.[39mverify()
    [31m[1m>[22m[39m[90m 18 |[39m     [33m.[39mthen(() [33m=>[39m console[33m.[39mlog([32m'Servidor de 
email configurado'[39m))
     [90m    |[39m                         [31m[1m^[22m[39m
     [90m 19 |[39m     [33m.[39m[36mcatch[39m(err [33m=>[39m console[33m.[39mwarn([32m'Email no 
configurado:'[39m[33m,[39m err[33m.[39mmessage))[33m;[39m
     [90m 20 |[39m
     [90m 21 |[39m module[33m.[39mexports [33m=[39m transporter[33m;[39m[0m

      at console.log (node_modules/@jest/console/build/index.js:147:10)
      at log (src/config/mailer.js:18:25)


  ÔùÅ  Cannot log after tests are done. Did you forget to wait for something async in your test?
    Attempted to log "Servidor de email configurado".

    [0m [90m 16 |[39m [90m// Verificar conexi├│n al iniciar[39m
     [90m 17 |[39m transporter[33m.[39mverify()
    [31m[1m>[22m[39m[90m 18 |[39m     [33m.[39mthen(() [33m=>[39m console[33m.[39mlog([32m'Servidor de 
email configurado'[39m))
     [90m    |[39m                         [31m[1m^[22m[39m
     [90m 19 |[39m     [33m.[39m[36mcatch[39m(err [33m=>[39m console[33m.[39mwarn([32m'Email no 
configurado:'[39m[33m,[39m err[33m.[39mmessage))[33m;[39m
     [90m 20 |[39m
     [90m 21 |[39m module[33m.[39mexports [33m=[39m transporter[33m;[39m[0m

      at console.log (node_modules/@jest/console/build/index.js:147:10)
      at log (src/config/mailer.js:18:25)


  ÔùÅ  Cannot log after tests are done. Did you forget to wait for something async in your test?
    Attempted to log "Servidor de email configurado".

    [0m [90m 16 |[39m [90m// Verificar conexi├│n al iniciar[39m
     [90m 17 |[39m transporter[33m.[39mverify()
    [31m[1m>[22m[39m[90m 18 |[39m     [33m.[39mthen(() [33m=>[39m console[33m.[39mlog([32m'Servidor de 
email configurado'[39m))
     [90m    |[39m                         [31m[1m^[22m[39m
     [90m 19 |[39m     [33m.[39m[36mcatch[39m(err [33m=>[39m console[33m.[39mwarn([32m'Email no 
configurado:'[39m[33m,[39m err[33m.[39mmessage))[33m;[39m
     [90m 20 |[39m
     [90m 21 |[39m module[33m.[39mexports [33m=[39m transporter[33m;[39m[0m

      at console.log (node_modules/@jest/console/build/index.js:147:10)
      at log (src/config/mailer.js:18:25)

PASS tests/sprint_1/appointments.test.js
  ÔùÅ Console

    console.log
      Ôùç injected env (20) from .env // tip: Ôîü auth for agents [www.vestauth.com]

      at _log (node_modules/dotenv/lib/main.js:131:11)

    console.warn
      
      ­ƒöÆ [SEGURIDAD] Configuraci├│n inv├ílida, abortando:
        - JWT_SECRET es demasiado corto (m├¡nimo 32 caracteres). Genera uno con: openssl rand -hex 32
        (en desarrollo se contin├║a, pero corr├¡gelo antes de desplegar)

    [0m [90m 36 |[39m       process[33m.[39mexit([35m1[39m)[33m;[39m            [90m// En producci├│n: no 
arrancar con config insegura.[39m
     [90m 37 |[39m     } [36melse[39m {
    [31m[1m>[22m[39m[90m 38 |[39m       console[33m.[39mwarn(msg [33m+[39m [32m'  (en desarrollo se 
contin├║a, pero corr├¡gelo antes de desplegar)\n'[39m)[33m;[39m
     [90m    |[39m               [31m[1m^[22m[39m
     [90m 39 |[39m     }
     [90m 40 |[39m   }
     [90m 41 |[39m }[0m

      at warn (src/config/security.js:38:15)
      at Object.validateEnv (src/app.js:13:1)
      at Object.require (tests/sprint_1/appointments.test.js:7:13)

    console.log
      MySQL conectado ÔÇö BD: consultorio_padre_pio

      at log (src/config/db.js:21:17)

[0mPOST /api/appointments [32m201[0m 5.208 ms - 82[0m
[0mPOST /api/appointments [33m409[0m 0.973 ms - 96[0m
PASS tests/sprint_1/comprobantes.test.js
  ÔùÅ Console

    console.log
      Ôùç injected env (20) from .env // tip: Ôîü auth for agents [www.vestauth.com]

      at _log (node_modules/dotenv/lib/main.js:131:11)

    console.warn
      
      ­ƒöÆ [SEGURIDAD] Configuraci├│n inv├ílida, abortando:
        - JWT_SECRET es demasiado corto (m├¡nimo 32 caracteres). Genera uno con: openssl rand -hex 32
        (en desarrollo se contin├║a, pero corr├¡gelo antes de desplegar)

    [0m [90m 36 |[39m       process[33m.[39mexit([35m1[39m)[33m;[39m            [90m// En producci├│n: no 
arrancar con config insegura.[39m
     [90m 37 |[39m     } [36melse[39m {
    [31m[1m>[22m[39m[90m 38 |[39m       console[33m.[39mwarn(msg [33m+[39m [32m'  (en desarrollo se 
contin├║a, pero corr├¡gelo antes de desplegar)\n'[39m)[33m;[39m
     [90m    |[39m               [31m[1m^[22m[39m
     [90m 39 |[39m     }
     [90m 40 |[39m   }
     [90m 41 |[39m }[0m

      at warn (src/config/security.js:38:15)
      at Object.validateEnv (src/app.js:13:1)
      at Object.require (tests/sprint_1/comprobantes.test.js:2:13)

    console.log
      MySQL conectado ÔÇö BD: consultorio_padre_pio

      at log (src/config/db.js:21:17)

[0mPOST /api/comprobantes/100/email [32m200[0m 0.507 ms - 70[0m
PASS tests/sprint_2/staff.test.js
  ÔùÅ Console

    console.log
      Ôùç injected env (20) from .env // tip: Ôùê secrets for agents [www.dotenvx.com]

      at _log (node_modules/dotenv/lib/main.js:131:11)

    console.warn
      
      ­ƒöÆ [SEGURIDAD] Configuraci├│n inv├ílida, abortando:
        - JWT_SECRET es demasiado corto (m├¡nimo 32 caracteres). Genera uno con: openssl rand -hex 32
        (en desarrollo se contin├║a, pero corr├¡gelo antes de desplegar)

    [0m [90m 36 |[39m       process[33m.[39mexit([35m1[39m)[33m;[39m            [90m// En producci├│n: no 
arrancar con config insegura.[39m
     [90m 37 |[39m     } [36melse[39m {
    [31m[1m>[22m[39m[90m 38 |[39m       console[33m.[39mwarn(msg [33m+[39m [32m'  (en desarrollo se 
contin├║a, pero corr├¡gelo antes de desplegar)\n'[39m)[33m;[39m
     [90m    |[39m               [31m[1m^[22m[39m
     [90m 39 |[39m     }
     [90m 40 |[39m   }
     [90m 41 |[39m }[0m

      at warn (src/config/security.js:38:15)
      at Object.validateEnv (src/app.js:13:1)
      at Object.require (tests/sprint_2/staff.test.js:8:13)

    console.log
      MySQL conectado ÔÇö BD: consultorio_padre_pio

      at log (src/config/db.js:21:17)

[0mPOST /api/users/10/resend-activation [32m200[0m 2.327 ms - 59[0m

  ÔùÅ  Cannot log after tests are done. Did you forget to wait for something async in your test?
    Attempted to log "Servidor de email configurado".

    [0m [90m 16 |[39m [90m// Verificar conexi├│n al iniciar[39m
     [90m 17 |[39m transporter[33m.[39mverify()
    [31m[1m>[22m[39m[90m 18 |[39m     [33m.[39mthen(() [33m=>[39m console[33m.[39mlog([32m'Servidor de 
email configurado'[39m))
     [90m    |[39m                         [31m[1m^[22m[39m
     [90m 19 |[39m     [33m.[39m[36mcatch[39m(err [33m=>[39m console[33m.[39mwarn([32m'Email no 
configurado:'[39m[33m,[39m err[33m.[39mmessage))[33m;[39m
     [90m 20 |[39m
     [90m 21 |[39m module[33m.[39mexports [33m=[39m transporter[33m;[39m[0m

      at console.log (node_modules/@jest/console/build/index.js:147:10)
      at log (src/config/mailer.js:18:25)

PASS tests/sprint_2/doctors.test.js
  ÔùÅ Console

    console.log
      Ôùç injected env (20) from .env // tip: Ôùê encrypted .env [www.dotenvx.com]

      at _log (node_modules/dotenv/lib/main.js:131:11)

    console.warn
      
      ­ƒöÆ [SEGURIDAD] Configuraci├│n inv├ílida, abortando:
        - JWT_SECRET es demasiado corto (m├¡nimo 32 caracteres). Genera uno con: openssl rand -hex 32
        (en desarrollo se contin├║a, pero corr├¡gelo antes de desplegar)

    [0m [90m 36 |[39m       process[33m.[39mexit([35m1[39m)[33m;[39m            [90m// En producci├│n: no 
arrancar con config insegura.[39m
     [90m 37 |[39m     } [36melse[39m {
    [31m[1m>[22m[39m[90m 38 |[39m       console[33m.[39mwarn(msg [33m+[39m [32m'  (en desarrollo se 
contin├║a, pero corr├¡gelo antes de desplegar)\n'[39m)[33m;[39m
     [90m    |[39m               [31m[1m^[22m[39m
     [90m 39 |[39m     }
     [90m 40 |[39m   }
     [90m 41 |[39m }[0m

      at warn (src/config/security.js:38:15)
      at Object.validateEnv (src/app.js:13:1)
      at Object.require (tests/sprint_2/doctors.test.js:7:13)

    console.log
      MySQL conectado ÔÇö BD: consultorio_padre_pio

      at log (src/config/db.js:21:17)

PASS tests/sprint_1/appointments_cron.test.js

Test Suites: 5 failed, 15 passed, 20 total
Tests:       21 failed, 4 skipped, 40 passed, 65 total
Snapshots:   0 total
Time:        4.505 s
Ran all test suites.
[0mPUT /api/doctors/10/status [32m200[0m 5.310 ms - 33[0m
